// Jest Snapshot v1, https://goo.gl/fbAQLP

exports[`<Button> renders correctly 1`] = `
<button
  className="jsx-3218119646 "
  type="button"
>
  <JSXStyle
    id="3218119646"
  >
    b
    u
    t
    t
    o
    n
    .
    j
    s
    x
    -
    3
    2
    1
    8
    1
    1
    9
    6
    4
    6
    {
    d
    i
    s
    p
    l
    a
    y
    :
    -
    w
    e
    b
    k
    i
    t
    -
    i
    n
    l
    i
    n
    e
    -
    b
    o
    x
    ;
    d
    i
    s
    p
    l
    a
    y
    :
    -
    w
    e
    b
    k
    i
    t
    -
    i
    n
    l
    i
    n
    e
    -
    f
    l
    e
    x
    ;
    d
    i
    s
    p
    l
    a
    y
    :
    -
    m
    s
    -
    i
    n
    l
    i
    n
    e
    -
    f
    l
    e
    x
    b
    o
    x
    ;
    d
    i
    s
    p
    l
    a
    y
    :
    i
    n
    l
    i
    n
    e
    -
    f
    l
    e
    x
    ;
    p
    o
    s
    i
    t
    i
    o
    n
    :
    r
    e
    l
    a
    t
    i
    v
    e
    ;
    -
    w
    e
    b
    k
    i
    t
    -
    a
    l
    i
    g
    n
    -
    i
    t
    e
    m
    s
    :
    c
    e
    n
    t
    e
    r
    ;
    -
    w
    e
    b
    k
    i
    t
    -
    b
    o
    x
    -
    a
    l
    i
    g
    n
    :
    c
    e
    n
    t
    e
    r
    ;
    -
    m
    s
    -
    f
    l
    e
    x
    -
    a
    l
    i
    g
    n
    :
    c
    e
    n
    t
    e
    r
    ;
    a
    l
    i
    g
    n
    -
    i
    t
    e
    m
    s
    :
    c
    e
    n
    t
    e
    r
    ;
    -
    w
    e
    b
    k
    i
    t
    -
    b
    o
    x
    -
    p
    a
    c
    k
    :
    c
    e
    n
    t
    e
    r
    ;
    -
    w
    e
    b
    k
    i
    t
    -
    j
    u
    s
    t
    i
    f
    y
    -
    c
    o
    n
    t
    e
    n
    t
    :
    c
    e
    n
    t
    e
    r
    ;
    -
    m
    s
    -
    f
    l
    e
    x
    -
    p
    a
    c
    k
    :
    c
    e
    n
    t
    e
    r
    ;
    j
    u
    s
    t
    i
    f
    y
    -
    c
    o
    n
    t
    e
    n
    t
    :
    c
    e
    n
    t
    e
    r
    ;
    b
    o
    r
    d
    e
    r
    -
    r
    a
    d
    i
    u
    s
    :
    4
    p
    x
    ;
    f
    o
    n
    t
    -
    w
    e
    i
    g
    h
    t
    :
    4
    0
    0
    ;
    -
    w
    e
    b
    k
    i
    t
    -
    l
    e
    t
    t
    e
    r
    -
    s
    p
    a
    c
    i
    n
    g
    :
    0
    .
    5
    p
    x
    ;
    -
    m
    o
    z
    -
    l
    e
    t
    t
    e
    r
    -
    s
    p
    a
    c
    i
    n
    g
    :
    0
    .
    5
    p
    x
    ;
    -
    m
    s
    -
    l
    e
    t
    t
    e
    r
    -
    s
    p
    a
    c
    i
    n
    g
    :
    0
    .
    5
    p
    x
    ;
    l
    e
    t
    t
    e
    r
    -
    s
    p
    a
    c
    i
    n
    g
    :
    0
    .
    5
    p
    x
    ;
    -
    w
    e
    b
    k
    i
    t
    -
    t
    e
    x
    t
    -
    d
    e
    c
    o
    r
    a
    t
    i
    o
    n
    :
    n
    o
    n
    e
    ;
    t
    e
    x
    t
    -
    d
    e
    c
    o
    r
    a
    t
    i
    o
    n
    :
    n
    o
    n
    e
    ;
    c
    u
    r
    s
    o
    r
    :
    p
    o
    i
    n
    t
    e
    r
    ;
    -
    w
    e
    b
    k
    i
    t
    -
    t
    r
    a
    n
    s
    i
    t
    i
    o
    n
    :
    a
    l
    l
     
    0
    .
    1
    5
    s
     
    c
    u
    b
    i
    c
    -
    b
    e
    z
    i
    e
    r
    (
    0
    .
    4
    ,
    0
    ,
    0
    .
    6
    ,
    1
    )
    ;
    t
    r
    a
    n
    s
    i
    t
    i
    o
    n
    :
    a
    l
    l
     
    0
    .
    1
    5
    s
     
    c
    u
    b
    i
    c
    -
    b
    e
    z
    i
    e
    r
    (
    0
    .
    4
    ,
    0
    ,
    0
    .
    6
    ,
    1
    )
    ;
    -
    w
    e
    b
    k
    i
    t
    -
    u
    s
    e
    r
    -
    s
    e
    l
    e
    c
    t
    :
    n
    o
    n
    e
    ;
    -
    m
    o
    z
    -
    u
    s
    e
    r
    -
    s
    e
    l
    e
    c
    t
    :
    n
    o
    n
    e
    ;
    -
    m
    s
    -
    u
    s
    e
    r
    -
    s
    e
    l
    e
    c
    t
    :
    n
    o
    n
    e
    ;
    u
    s
    e
    r
    -
    s
    e
    l
    e
    c
    t
    :
    n
    o
    n
    e
    ;
    c
    o
    l
    o
    r
    :
    #
    2
    1
    2
    9
    3
    4
    ;
    h
    e
    i
    g
    h
    t
    :
    3
    6
    p
    x
    ;
    p
    a
    d
    d
    i
    n
    g
    :
    0
     
    1
    6
    p
    x
    ;
    f
    o
    n
    t
    -
    s
    i
    z
    e
    :
    1
    4
    p
    x
    ;
    l
    i
    n
    e
    -
    h
    e
    i
    g
    h
    t
    :
    1
    6
    p
    x
    ;
    b
    o
    r
    d
    e
    r
    :
    1
    p
    x
     
    s
    o
    l
    i
    d
     
    #
    c
    4
    c
    9
    c
    c
    ;
    b
    a
    c
    k
    g
    r
    o
    u
    n
    d
    -
    c
    o
    l
    o
    r
    :
    #
    f
    9
    f
    a
    f
    b
    ;
    }
    b
    u
    t
    t
    o
    n
    .
    j
    s
    x
    -
    3
    2
    1
    8
    1
    1
    9
    6
    4
    6
    :
    d
    i
    s
    a
    b
    l
    e
    d
    {
    c
    u
    r
    s
    o
    r
    :
    n
    o
    t
    -
    a
    l
    l
    o
    w
    e
    d
    ;
    }
    b
    u
    t
    t
    o
    n
    .
    j
    s
    x
    -
    3
    2
    1
    8
    1
    1
    9
    6
    4
    6
    :
    f
    o
    c
    u
    s
    {
    o
    u
    t
    l
    i
    n
    e
    :
    n
    o
    n
    e
    ;
    }
    b
    u
    t
    t
    o
    n
    .
    j
    s
    x
    -
    3
    2
    1
    8
    1
    1
    9
    6
    4
    6
    :
    :
    a
    f
    t
    e
    r
    {
    c
    o
    n
    t
    e
    n
    t
    :
    '
     
    '
    ;
    p
    o
    i
    n
    t
    e
    r
    -
    e
    v
    e
    n
    t
    s
    :
    n
    o
    n
    e
    ;
    p
    o
    s
    i
    t
    i
    o
    n
    :
    a
    b
    s
    o
    l
    u
    t
    e
    ;
    t
    o
    p
    :
    -
    2
    p
    x
    ;
    r
    i
    g
    h
    t
    :
    -
    2
    p
    x
    ;
    b
    o
    t
    t
    o
    m
    :
    -
    2
    p
    x
    ;
    l
    e
    f
    t
    :
    -
    2
    p
    x
    ;
    z
    -
    i
    n
    d
    e
    x
    :
    1
    ;
    b
    o
    r
    d
    e
    r
    :
    2
    p
    x
     
    s
    o
    l
    i
    d
     
    t
    r
    a
    n
    s
    p
    a
    r
    e
    n
    t
    ;
    b
    o
    r
    d
    e
    r
    -
    r
    a
    d
    i
    u
    s
    :
    i
    n
    h
    e
    r
    i
    t
    ;
    -
    w
    e
    b
    k
    i
    t
    -
    t
    r
    a
    n
    s
    i
    t
    i
    o
    n
    :
    b
    o
    r
    d
    e
    r
    -
    c
    o
    l
    o
    r
     
    0
    .
    1
    5
    s
     
    c
    u
    b
    i
    c
    -
    b
    e
    z
    i
    e
    r
    (
    0
    .
    4
    ,
    0
    ,
    0
    .
    6
    ,
    1
    )
    ;
    t
    r
    a
    n
    s
    i
    t
    i
    o
    n
    :
    b
    o
    r
    d
    e
    r
    -
    c
    o
    l
    o
    r
     
    0
    .
    1
    5
    s
     
    c
    u
    b
    i
    c
    -
    b
    e
    z
    i
    e
    r
    (
    0
    .
    4
    ,
    0
    ,
    0
    .
    6
    ,
    1
    )
    ;
    }
    b
    u
    t
    t
    o
    n
    .
    j
    s
    x
    -
    3
    2
    1
    8
    1
    1
    9
    6
    4
    6
    :
    a
    c
    t
    i
    v
    e
    .
    j
    s
    x
    -
    3
    2
    1
    8
    1
    1
    9
    6
    4
    6
    :
    f
    o
    c
    u
    s
    .
    j
    s
    x
    -
    3
    2
    1
    8
    1
    1
    9
    6
    4
    6
    :
    :
    a
    f
    t
    e
    r
    ,
    b
    u
    t
    t
    o
    n
    .
    j
    s
    x
    -
    3
    2
    1
    8
    1
    1
    9
    6
    4
    6
    :
    d
    i
    s
    a
    b
    l
    e
    d
    .
    j
    s
    x
    -
    3
    2
    1
    8
    1
    1
    9
    6
    4
    6
    :
    f
    o
    c
    u
    s
    .
    j
    s
    x
    -
    3
    2
    1
    8
    1
    1
    9
    6
    4
    6
    :
    :
    a
    f
    t
    e
    r
    {
    b
    o
    r
    d
    e
    r
    -
    c
    o
    l
    o
    r
    :
    t
    r
    a
    n
    s
    p
    a
    r
    e
    n
    t
    ;
    }
    b
    u
    t
    t
    o
    n
    .
    j
    s
    x
    -
    3
    2
    1
    8
    1
    1
    9
    6
    4
    6
    :
    h
    o
    v
    e
    r
    {
    b
    o
    r
    d
    e
    r
    -
    c
    o
    l
    o
    r
    :
    #
    c
    4
    c
    9
    c
    c
    ;
    b
    a
    c
    k
    g
    r
    o
    u
    n
    d
    -
    c
    o
    l
    o
    r
    :
    #
    f
    3
    f
    4
    f
    5
    ;
    }
    b
    u
    t
    t
    o
    n
    .
    j
    s
    x
    -
    3
    2
    1
    8
    1
    1
    9
    6
    4
    6
    :
    a
    c
    t
    i
    v
    e
    ,
    b
    u
    t
    t
    o
    n
    .
    j
    s
    x
    -
    3
    2
    1
    8
    1
    1
    9
    6
    4
    6
    :
    a
    c
    t
    i
    v
    e
    .
    j
    s
    x
    -
    3
    2
    1
    8
    1
    1
    9
    6
    4
    6
    :
    f
    o
    c
    u
    s
    {
    b
    o
    r
    d
    e
    r
    -
    c
    o
    l
    o
    r
    :
    #
    c
    5
    c
    9
    c
    c
    ;
    b
    a
    c
    k
    g
    r
    o
    u
    n
    d
    -
    c
    o
    l
    o
    r
    :
    #
    f
    3
    f
    4
    f
    5
    ;
    b
    o
    x
    -
    s
    h
    a
    d
    o
    w
    :
    0
     
    0
     
    0
     
    1
    p
    x
     
    r
    g
    b
    (
    0
    ,
    0
    ,
    0
    ,
    0
    .
    1
    )
     
    i
    n
    s
    e
    t
    ;
    }
    b
    u
    t
    t
    o
    n
    .
    j
    s
    x
    -
    3
    2
    1
    8
    1
    1
    9
    6
    4
    6
    :
    f
    o
    c
    u
    s
    {
    b
    a
    c
    k
    g
    r
    o
    u
    n
    d
    -
    c
    o
    l
    o
    r
    :
    #
    f
    9
    f
    a
    f
    b
    ;
    }
    b
    u
    t
    t
    o
    n
    .
    j
    s
    x
    -
    3
    2
    1
    8
    1
    1
    9
    6
    4
    6
    :
    f
    o
    c
    u
    s
    .
    j
    s
    x
    -
    3
    2
    1
    8
    1
    1
    9
    6
    4
    6
    :
    :
    a
    f
    t
    e
    r
    {
    b
    o
    r
    d
    e
    r
    -
    c
    o
    l
    o
    r
    :
    #
    1
    4
    7
    c
    d
    7
    ;
    }
    b
    u
    t
    t
    o
    n
    .
    j
    s
    x
    -
    3
    2
    1
    8
    1
    1
    9
    6
    4
    6
    :
    d
    i
    s
    a
    b
    l
    e
    d
    {
    b
    o
    r
    d
    e
    r
    -
    c
    o
    l
    o
    r
    :
    #
    c
    4
    c
    9
    c
    c
    ;
    b
    a
    c
    k
    g
    r
    o
    u
    n
    d
    -
    c
    o
    l
    o
    r
    :
    #
    f
    9
    f
    a
    f
    b
    ;
    b
    o
    x
    -
    s
    h
    a
    d
    o
    w
    :
    n
    o
    n
    e
    ;
    c
    o
    l
    o
    r
    :
    #
    6
    e
    7
    a
    8
    a
    ;
    f
    i
    l
    l
    :
    #
    6
    e
    7
    a
    8
    a
    ;
    }
    b
    u
    t
    t
    o
    n
    .
    i
    c
    o
    n
    .
    j
    s
    x
    -
    3
    2
    1
    8
    1
    1
    9
    6
    4
    6
    {
    p
    a
    d
    d
    i
    n
    g
    -
    l
    e
    f
    t
    :
    1
    2
    p
    x
    ;
    }
    .
    s
    m
    a
    l
    l
    .
    j
    s
    x
    -
    3
    2
    1
    8
    1
    1
    9
    6
    4
    6
    {
    h
    e
    i
    g
    h
    t
    :
    2
    8
    p
    x
    ;
    p
    a
    d
    d
    i
    n
    g
    :
    0
     
    1
    6
    p
    x
    ;
    f
    o
    n
    t
    -
    s
    i
    z
    e
    :
    1
    4
    p
    x
    ;
    l
    i
    n
    e
    -
    h
    e
    i
    g
    h
    t
    :
    1
    6
    p
    x
    ;
    }
    .
    l
    a
    r
    g
    e
    .
    j
    s
    x
    -
    3
    2
    1
    8
    1
    1
    9
    6
    4
    6
    {
    h
    e
    i
    g
    h
    t
    :
    4
    3
    p
    x
    ;
    p
    a
    d
    d
    i
    n
    g
    :
    0
     
    2
    4
    p
    x
    ;
    f
    o
    n
    t
    -
    s
    i
    z
    e
    :
    1
    6
    p
    x
    ;
    -
    w
    e
    b
    k
    i
    t
    -
    l
    e
    t
    t
    e
    r
    -
    s
    p
    a
    c
    i
    n
    g
    :
    0
    .
    5
    7
    p
    x
    ;
    -
    m
    o
    z
    -
    l
    e
    t
    t
    e
    r
    -
    s
    p
    a
    c
    i
    n
    g
    :
    0
    .
    5
    7
    p
    x
    ;
    -
    m
    s
    -
    l
    e
    t
    t
    e
    r
    -
    s
    p
    a
    c
    i
    n
    g
    :
    0
    .
    5
    7
    p
    x
    ;
    l
    e
    t
    t
    e
    r
    -
    s
    p
    a
    c
    i
    n
    g
    :
    0
    .
    5
    7
    p
    x
    ;
    l
    i
    n
    e
    -
    h
    e
    i
    g
    h
    t
    :
    1
    9
    p
    x
    ;
    }
    .
    i
    c
    o
    n
    -
    o
    n
    l
    y
    .
    j
    s
    x
    -
    3
    2
    1
    8
    1
    1
    9
    6
    4
    6
     
    i
    .
    j
    s
    x
    -
    3
    2
    1
    8
    1
    1
    9
    6
    4
    6
    {
    m
    a
    r
    g
    i
    n
    -
    r
    i
    g
    h
    t
    :
    0
    ;
    m
    a
    r
    g
    i
    n
    -
    l
    e
    f
    t
    :
    0
    ;
    }
    .
    p
    r
    i
    m
    a
    r
    y
    .
    j
    s
    x
    -
    3
    2
    1
    8
    1
    1
    9
    6
    4
    6
    {
    b
    o
    r
    d
    e
    r
    -
    c
    o
    l
    o
    r
    :
    #
    0
    d
    4
    7
    a
    1
    ;
    b
    a
    c
    k
    g
    r
    o
    u
    n
    d
    :
    l
    i
    n
    e
    a
    r
    -
    g
    r
    a
    d
    i
    e
    n
    t
    (
    1
    8
    0
    d
    e
    g
    ,
    #
    1
    5
    6
    5
    c
    0
     
    0
    %
    ,
    #
    0
    6
    5
    0
    a
    3
     
    1
    0
    0
    %
    )
    ;
    b
    a
    c
    k
    g
    r
    o
    u
    n
    d
    -
    c
    o
    l
    o
    r
    :
    #
    2
    b
    6
    1
    b
    3
    ;
    c
    o
    l
    o
    r
    :
    #
    f
    f
    f
    f
    f
    f
    ;
    f
    i
    l
    l
    :
    #
    f
    f
    f
    f
    f
    f
    ;
    f
    o
    n
    t
    -
    w
    e
    i
    g
    h
    t
    :
    5
    0
    0
    ;
    }
    .
    p
    r
    i
    m
    a
    r
    y
    .
    j
    s
    x
    -
    3
    2
    1
    8
    1
    1
    9
    6
    4
    6
    :
    h
    o
    v
    e
    r
    {
    b
    o
    r
    d
    e
    r
    -
    c
    o
    l
    o
    r
    :
    #
    0
    d
    4
    7
    a
    1
    ;
    b
    a
    c
    k
    g
    r
    o
    u
    n
    d
    :
    l
    i
    n
    e
    a
    r
    -
    g
    r
    a
    d
    i
    e
    n
    t
    (
    1
    8
    0
    d
    e
    g
    ,
    #
    0
    5
    4
    f
    a
    3
     
    0
    %
    ,
    #
    0
    3
    4
    7
    9
    3
     
    1
    0
    0
    %
    )
    ;
    b
    a
    c
    k
    g
    r
    o
    u
    n
    d
    -
    c
    o
    l
    o
    r
    :
    #
    2
    1
    5
    3
    9
    f
    ;
    }
    .
    p
    r
    i
    m
    a
    r
    y
    .
    j
    s
    x
    -
    3
    2
    1
    8
    1
    1
    9
    6
    4
    6
    :
    a
    c
    t
    i
    v
    e
    ,
    .
    p
    r
    i
    m
    a
    r
    y
    .
    j
    s
    x
    -
    3
    2
    1
    8
    1
    1
    9
    6
    4
    6
    :
    a
    c
    t
    i
    v
    e
    .
    j
    s
    x
    -
    3
    2
    1
    8
    1
    1
    9
    6
    4
    6
    :
    f
    o
    c
    u
    s
    {
    b
    o
    r
    d
    e
    r
    -
    c
    o
    l
    o
    r
    :
    #
    0
    d
    4
    7
    a
    1
    ;
    b
    a
    c
    k
    g
    r
    o
    u
    n
    d
    :
    l
    i
    n
    e
    a
    r
    -
    g
    r
    a
    d
    i
    e
    n
    t
    (
    1
    8
    0
    d
    e
    g
    ,
    #
    0
    5
    4
    f
    a
    3
     
    0
    %
    ,
    #
    0
    3
    4
    7
    9
    3
     
    1
    0
    0
    %
    )
    ;
    b
    a
    c
    k
    g
    r
    o
    u
    n
    d
    -
    c
    o
    l
    o
    r
    :
    #
    1
    c
    4
    a
    9
    0
    ;
    b
    o
    x
    -
    s
    h
    a
    d
    o
    w
    :
    0
     
    0
     
    0
     
    1
    p
    x
     
    r
    g
    b
    a
    (
    0
    ,
    0
    ,
    0
    ,
    0
    .
    1
    8
    )
     
    i
    n
    s
    e
    t
    ;
    }
    .
    p
    r
    i
    m
    a
    r
    y
    .
    j
    s
    x
    -
    3
    2
    1
    8
    1
    1
    9
    6
    4
    6
    :
    f
    o
    c
    u
    s
    {
    b
    a
    c
    k
    g
    r
    o
    u
    n
    d
    :
    l
    i
    n
    e
    a
    r
    -
    g
    r
    a
    d
    i
    e
    n
    t
    (
    1
    8
    0
    d
    e
    g
    ,
    #
    1
    5
    6
    5
    c
    0
     
    0
    %
    ,
    #
    0
    6
    5
    0
    a
    3
     
    1
    0
    0
    %
    )
    ;
    b
    a
    c
    k
    g
    r
    o
    u
    n
    d
    -
    c
    o
    l
    o
    r
    :
    #
    2
    8
    5
    d
    a
    c
    ;
    }
    .
    p
    r
    i
    m
    a
    r
    y
    .
    j
    s
    x
    -
    3
    2
    1
    8
    1
    1
    9
    6
    4
    6
    :
    f
    o
    c
    u
    s
    .
    j
    s
    x
    -
    3
    2
    1
    8
    1
    1
    9
    6
    4
    6
    :
    :
    a
    f
    t
    e
    r
    {
    b
    o
    r
    d
    e
    r
    -
    c
    o
    l
    o
    r
    :
    #
    f
    f
    c
    3
    2
    4
    ;
    }
    .
    p
    r
    i
    m
    a
    r
    y
    .
    j
    s
    x
    -
    3
    2
    1
    8
    1
    1
    9
    6
    4
    6
    :
    d
    i
    s
    a
    b
    l
    e
    d
    {
    b
    o
    r
    d
    e
    r
    -
    c
    o
    l
    o
    r
    :
    #
    0
    d
    4
    7
    a
    1
    ;
    b
    a
    c
    k
    g
    r
    o
    u
    n
    d
    :
    l
    i
    n
    e
    a
    r
    -
    g
    r
    a
    d
    i
    e
    n
    t
    (
    1
    8
    0
    d
    e
    g
    ,
    #
    1
    5
    6
    5
    c
    0
     
    0
    %
    ,
    #
    0
    6
    5
    0
    a
    3
     
    1
    0
    0
    %
    )
    ;
    b
    a
    c
    k
    g
    r
    o
    u
    n
    d
    -
    c
    o
    l
    o
    r
    :
    #
    b
    6
    c
    8
    e
    2
    ;
    b
    o
    x
    -
    s
    h
    a
    d
    o
    w
    :
    n
    o
    n
    e
    ;
    c
    o
    l
    o
    r
    :
    #
    f
    f
    f
    f
    f
    f
    ;
    f
    i
    l
    l
    :
    #
    f
    f
    f
    f
    f
    f
    ;
    o
    p
    a
    c
    i
    t
    y
    :
    0
    .
    3
    3
    ;
    }
    .
    s
    e
    c
    o
    n
    d
    a
    r
    y
    .
    j
    s
    x
    -
    3
    2
    1
    8
    1
    1
    9
    6
    4
    6
    {
    b
    o
    r
    d
    e
    r
    -
    c
    o
    l
    o
    r
    :
    #
    d
    5
    d
    d
    e
    5
    ;
    b
    a
    c
    k
    g
    r
    o
    u
    n
    d
    -
    c
    o
    l
    o
    r
    :
    t
    r
    a
    n
    s
    p
    a
    r
    e
    n
    t
    ;
    }
    .
    s
    e
    c
    o
    n
    d
    a
    r
    y
    .
    j
    s
    x
    -
    3
    2
    1
    8
    1
    1
    9
    6
    4
    6
    :
    h
    o
    v
    e
    r
    {
    b
    o
    r
    d
    e
    r
    -
    c
    o
    l
    o
    r
    :
    #
    d
    5
    d
    d
    e
    5
    ;
    b
    a
    c
    k
    g
    r
    o
    u
    n
    d
    -
    c
    o
    l
    o
    r
    :
    r
    g
    b
    a
    (
    1
    5
    8
    ,
    1
    5
    8
    ,
    1
    5
    8
    ,
    0
    .
    0
    7
    )
    ;
    }
    .
    s
    e
    c
    o
    n
    d
    a
    r
    y
    .
    j
    s
    x
    -
    3
    2
    1
    8
    1
    1
    9
    6
    4
    6
    :
    a
    c
    t
    i
    v
    e
    ,
    .
    s
    e
    c
    o
    n
    d
    a
    r
    y
    .
    j
    s
    x
    -
    3
    2
    1
    8
    1
    1
    9
    6
    4
    6
    :
    a
    c
    t
    i
    v
    e
    .
    j
    s
    x
    -
    3
    2
    1
    8
    1
    1
    9
    6
    4
    6
    :
    f
    o
    c
    u
    s
    {
    b
    o
    r
    d
    e
    r
    -
    c
    o
    l
    o
    r
    :
    #
    d
    5
    d
    d
    e
    5
    ;
    b
    a
    c
    k
    g
    r
    o
    u
    n
    d
    -
    c
    o
    l
    o
    r
    :
    r
    g
    b
    a
    (
    1
    5
    8
    ,
    1
    5
    8
    ,
    1
    5
    8
    ,
    0
    .
    1
    8
    )
    ;
    b
    o
    x
    -
    s
    h
    a
    d
    o
    w
    :
    n
    o
    n
    e
    ;
    }
    .
    s
    e
    c
    o
    n
    d
    a
    r
    y
    .
    j
    s
    x
    -
    3
    2
    1
    8
    1
    1
    9
    6
    4
    6
    :
    f
    o
    c
    u
    s
    {
    b
    a
    c
    k
    g
    r
    o
    u
    n
    d
    -
    c
    o
    l
    o
    r
    :
    t
    r
    a
    n
    s
    p
    a
    r
    e
    n
    t
    ;
    }
    .
    s
    e
    c
    o
    n
    d
    a
    r
    y
    .
    j
    s
    x
    -
    3
    2
    1
    8
    1
    1
    9
    6
    4
    6
    :
    f
    o
    c
    u
    s
    .
    j
    s
    x
    -
    3
    2
    1
    8
    1
    1
    9
    6
    4
    6
    :
    :
    a
    f
    t
    e
    r
    {
    b
    o
    r
    d
    e
    r
    -
    c
    o
    l
    o
    r
    :
    #
    1
    4
    7
    c
    d
    7
    ;
    }
    .
    s
    e
    c
    o
    n
    d
    a
    r
    y
    .
    j
    s
    x
    -
    3
    2
    1
    8
    1
    1
    9
    6
    4
    6
    :
    d
    i
    s
    a
    b
    l
    e
    d
    {
    b
    o
    r
    d
    e
    r
    -
    c
    o
    l
    o
    r
    :
    #
    d
    5
    d
    d
    e
    5
    ;
    b
    a
    c
    k
    g
    r
    o
    u
    n
    d
    -
    c
    o
    l
    o
    r
    :
    t
    r
    a
    n
    s
    p
    a
    r
    e
    n
    t
    ;
    b
    o
    x
    -
    s
    h
    a
    d
    o
    w
    :
    n
    o
    n
    e
    ;
    c
    o
    l
    o
    r
    :
    #
    6
    e
    7
    a
    8
    a
    ;
    f
    i
    l
    l
    :
    #
    6
    e
    7
    a
    8
    a
    ;
    }
    .
    d
    e
    s
    t
    r
    u
    c
    t
    i
    v
    e
    .
    j
    s
    x
    -
    3
    2
    1
    8
    1
    1
    9
    6
    4
    6
    {
    b
    o
    r
    d
    e
    r
    -
    c
    o
    l
    o
    r
    :
    #
    a
    1
    0
    b
    0
    b
    ;
    b
    a
    c
    k
    g
    r
    o
    u
    n
    d
    :
    l
    i
    n
    e
    a
    r
    -
    g
    r
    a
    d
    i
    e
    n
    t
    (
    1
    8
    0
    d
    e
    g
    ,
    #
    d
    3
    2
    f
    2
    f
     
    0
    %
    ,
    #
    b
    7
    1
    c
    1
    c
     
    1
    0
    0
    %
    )
    ;
    b
    a
    c
    k
    g
    r
    o
    u
    n
    d
    -
    c
    o
    l
    o
    r
    :
    #
    b
    9
    2
    4
    2
    b
    ;
    c
    o
    l
    o
    r
    :
    #
    f
    f
    f
    f
    f
    f
    ;
    f
    i
    l
    l
    :
    #
    f
    f
    f
    f
    f
    f
    ;
    f
    o
    n
    t
    -
    w
    e
    i
    g
    h
    t
    :
    5
    0
    0
    ;
    }
    .
    d
    e
    s
    t
    r
    u
    c
    t
    i
    v
    e
    .
    j
    s
    x
    -
    3
    2
    1
    8
    1
    1
    9
    6
    4
    6
    :
    h
    o
    v
    e
    r
    {
    b
    o
    r
    d
    e
    r
    -
    c
    o
    l
    o
    r
    :
    #
    a
    1
    0
    b
    0
    b
    ;
    b
    a
    c
    k
    g
    r
    o
    u
    n
    d
    :
    l
    i
    n
    e
    a
    r
    -
    g
    r
    a
    d
    i
    e
    n
    t
    (
    1
    8
    0
    d
    e
    g
    ,
    #
    b
    8
    1
    c
    1
    c
     
    0
    %
    ,
    #
    b
    8
    0
    c
    0
    b
     
    1
    0
    0
    %
    )
    ;
    b
    a
    c
    k
    g
    r
    o
    u
    n
    d
    -
    c
    o
    l
    o
    r
    :
    #
    a
    c
    0
    f
    1
    a
    ;
    }
    .
    d
    e
    s
    t
    r
    u
    c
    t
    i
    v
    e
    .
    j
    s
    x
    -
    3
    2
    1
    8
    1
    1
    9
    6
    4
    6
    :
    a
    c
    t
    i
    v
    e
    ,
    .
    d
    e
    s
    t
    r
    u
    c
    t
    i
    v
    e
    .
    j
    s
    x
    -
    3
    2
    1
    8
    1
    1
    9
    6
    4
    6
    :
    a
    c
    t
    i
    v
    e
    .
    j
    s
    x
    -
    3
    2
    1
    8
    1
    1
    9
    6
    4
    6
    :
    f
    o
    c
    u
    s
    {
    b
    o
    r
    d
    e
    r
    -
    c
    o
    l
    o
    r
    :
    #
    a
    1
    0
    b
    0
    b
    ;
    b
    a
    c
    k
    g
    r
    o
    u
    n
    d
    :
    l
    i
    n
    e
    a
    r
    -
    g
    r
    a
    d
    i
    e
    n
    t
    (
    1
    8
    0
    d
    e
    g
    ,
    #
    b
    8
    1
    c
    1
    c
     
    0
    %
    ,
    #
    b
    8
    0
    c
    0
    b
     
    1
    0
    0
    %
    )
    ;
    b
    a
    c
    k
    g
    r
    o
    u
    n
    d
    -
    c
    o
    l
    o
    r
    :
    #
    a
    c
    1
    0
    1
    b
    ;
    b
    o
    x
    -
    s
    h
    a
    d
    o
    w
    :
    0
     
    0
     
    0
     
    1
    p
    x
     
    r
    g
    b
    a
    (
    0
    ,
    0
    ,
    0
    ,
    0
    .
    1
    8
    )
     
    i
    n
    s
    e
    t
    ;
    }
    .
    d
    e
    s
    t
    r
    u
    c
    t
    i
    v
    e
    .
    j
    s
    x
    -
    3
    2
    1
    8
    1
    1
    9
    6
    4
    6
    :
    f
    o
    c
    u
    s
    {
    b
    a
    c
    k
    g
    r
    o
    u
    n
    d
    :
    l
    i
    n
    e
    a
    r
    -
    g
    r
    a
    d
    i
    e
    n
    t
    (
    1
    8
    0
    d
    e
    g
    ,
    #
    d
    3
    2
    f
    2
    f
     
    0
    %
    ,
    #
    b
    7
    1
    c
    1
    c
     
    1
    0
    0
    %
    )
    ;
    b
    a
    c
    k
    g
    r
    o
    u
    n
    d
    -
    c
    o
    l
    o
    r
    :
    #
    b
    7
    2
    2
    2
    9
    ;
    }
    .
    d
    e
    s
    t
    r
    u
    c
    t
    i
    v
    e
    .
    j
    s
    x
    -
    3
    2
    1
    8
    1
    1
    9
    6
    4
    6
    :
    f
    o
    c
    u
    s
    .
    j
    s
    x
    -
    3
    2
    1
    8
    1
    1
    9
    6
    4
    6
    :
    a
    f
    t
    e
    r
    {
    b
    o
    r
    d
    e
    r
    -
    c
    o
    l
    o
    r
    :
    #
    5
    e
    0
    3
    0
    3
    ;
    }
    .
    d
    e
    s
    t
    r
    u
    c
    t
    i
    v
    e
    .
    j
    s
    x
    -
    3
    2
    1
    8
    1
    1
    9
    6
    4
    6
    :
    d
    i
    s
    a
    b
    l
    e
    d
    {
    b
    o
    r
    d
    e
    r
    -
    c
    o
    l
    o
    r
    :
    #
    a
    1
    0
    b
    0
    b
    ;
    b
    a
    c
    k
    g
    r
    o
    u
    n
    d
    :
    l
    i
    n
    e
    a
    r
    -
    g
    r
    a
    d
    i
    e
    n
    t
    (
    1
    8
    0
    d
    e
    g
    ,
    #
    d
    3
    2
    f
    2
    f
     
    0
    %
    ,
    #
    b
    7
    1
    c
    1
    c
     
    1
    0
    0
    %
    )
    ;
    b
    a
    c
    k
    g
    r
    o
    u
    n
    d
    -
    c
    o
    l
    o
    r
    :
    #
    e
    5
    b
    5
    b
    7
    ;
    b
    o
    x
    -
    s
    h
    a
    d
    o
    w
    :
    n
    o
    n
    e
    ;
    c
    o
    l
    o
    r
    :
    #
    f
    f
    f
    f
    f
    f
    ;
    f
    i
    l
    l
    :
    #
    f
    f
    f
    f
    f
    f
    ;
    o
    p
    a
    c
    i
    t
    y
    :
    0
    .
    3
    3
    ;
    }
    @
    m
    e
    d
    i
    a
     
    a
    l
    l
     
    a
    n
    d
     
    (
    -
    m
    s
    -
    h
    i
    g
    h
    -
    c
    o
    n
    t
    r
    a
    s
    t
    :
    n
    o
    n
    e
    )
    {
    b
    u
    t
    t
    o
    n
    .
    j
    s
    x
    -
    3
    2
    1
    8
    1
    1
    9
    6
    4
    6
    {
    b
    o
    r
    d
    e
    r
    -
    r
    a
    d
    i
    u
    s
    :
    0
    ;
    }
    }
    .
    b
    u
    t
    t
    o
    n
    -
    i
    c
    o
    n
    .
    j
    s
    x
    -
    3
    2
    1
    8
    1
    1
    9
    6
    4
    6
    {
    m
    a
    r
    g
    i
    n
    -
    r
    i
    g
    h
    t
    :
    1
    2
    p
    x
    ;
    c
    o
    l
    o
    r
    :
    i
    n
    h
    e
    r
    i
    t
    ;
    f
    i
    l
    l
    :
    i
    n
    h
    e
    r
    i
    t
    ;
    f
    o
    n
    t
    -
    s
    i
    z
    e
    :
    2
    6
    p
    x
    ;
    v
    e
    r
    t
    i
    c
    a
    l
    -
    a
    l
    i
    g
    n
    :
    m
    i
    d
    d
    l
    e
    ;
    p
    o
    i
    n
    t
    e
    r
    -
    e
    v
    e
    n
    t
    s
    :
    n
    o
    n
    e
    ;
    }
  </JSXStyle>
</button>
`;
